Analysis & Synthesis report for SDRAM_Controller
Fri Jan 23 09:25:28 2026
Quartus Prime Version 25.1std.0 Build 1129 10/21/2025 SC Lite Edition


---------------------
; Table of Contents ;
---------------------
  1. Legal Notice
  2. Analysis & Synthesis Summary
  3. Analysis & Synthesis Settings
  4. Parallel Compilation
  5. Analysis & Synthesis Source Files Read
  6. Analysis & Synthesis Resource Usage Summary
  7. Analysis & Synthesis Resource Utilization by Entity
  8. General Register Statistics
  9. Parameter Settings for User Entity Instance: Top-level Entity: |SDRAM_Controller_TOP
 10. Post-Synthesis Netlist Statistics for Top Partition
 11. Elapsed Time Per Partition
 12. Analysis & Synthesis Messages



----------------
; Legal Notice ;
----------------
Copyright (C) 2025  Altera Corporation. All rights reserved.
Your use of Altera Corporation's design tools, logic functions 
and other software and tools, and any partner logic 
functions, and any output files from any of the foregoing 
(including device programming or simulation files), and any 
associated documentation or information are expressly subject 
to the terms and conditions of the Altera Program License 
Subscription Agreement, the Altera Quartus Prime License Agreement,
the Altera IP License Agreement, or other applicable license
agreement, including, without limitation, that your use is for
the sole purpose of programming logic devices manufactured by
Altera and sold by Altera or its authorized distributors.  Please
refer to the Altera Software License Subscription Agreements 
on the Quartus Prime software download page.



+--------------------------------------------------------------------------------------+
; Analysis & Synthesis Summary                                                         ;
+------------------------------------+-------------------------------------------------+
; Analysis & Synthesis Status        ; Successful - Fri Jan 23 09:25:28 2026           ;
; Quartus Prime Version              ; 25.1std.0 Build 1129 10/21/2025 SC Lite Edition ;
; Revision Name                      ; SDRAM_Controller                                ;
; Top-level Entity Name              ; SDRAM_Controller_TOP                            ;
; Family                             ; MAX 10                                          ;
; Total logic elements               ; 0                                               ;
;     Total combinational functions  ; 0                                               ;
;     Dedicated logic registers      ; 0                                               ;
; Total registers                    ; 0                                               ;
; Total pins                         ; 73                                              ;
; Total virtual pins                 ; 0                                               ;
; Total memory bits                  ; 0                                               ;
; Embedded Multiplier 9-bit elements ; 0                                               ;
; Total PLLs                         ; 0                                               ;
; UFM blocks                         ; 0                                               ;
; ADC blocks                         ; 0                                               ;
+------------------------------------+-------------------------------------------------+


+--------------------------------------------------------------------------------------------------------------+
; Analysis & Synthesis Settings                                                                                ;
+------------------------------------------------------------------+----------------------+--------------------+
; Option                                                           ; Setting              ; Default Value      ;
+------------------------------------------------------------------+----------------------+--------------------+
; Device                                                           ; 10M50DAF484C7G       ;                    ;
; Top-level entity name                                            ; SDRAM_Controller_TOP ; SDRAM_Controller   ;
; Family name                                                      ; MAX 10               ; Cyclone V          ;
; VHDL Show LMF Mapping Messages                                   ; Off                  ;                    ;
; VHDL Version                                                     ; VHDL_2008            ; VHDL_1993          ;
; Use smart compilation                                            ; Off                  ; Off                ;
; Enable parallel Assembler and Timing Analyzer during compilation ; On                   ; On                 ;
; Enable compact report table                                      ; Off                  ; Off                ;
; Restructure Multiplexers                                         ; Auto                 ; Auto               ;
; Create Debugging Nodes for IP Cores                              ; Off                  ; Off                ;
; Preserve fewer node names                                        ; On                   ; On                 ;
; Intel FPGA IP Evaluation Mode                                    ; Enable               ; Enable             ;
; Verilog Version                                                  ; Verilog_2001         ; Verilog_2001       ;
; State Machine Processing                                         ; Auto                 ; Auto               ;
; Safe State Machine                                               ; Off                  ; Off                ;
; Extract Verilog State Machines                                   ; On                   ; On                 ;
; Extract VHDL State Machines                                      ; On                   ; On                 ;
; Ignore Verilog initial constructs                                ; Off                  ; Off                ;
; Iteration limit for constant Verilog loops                       ; 5000                 ; 5000               ;
; Iteration limit for non-constant Verilog loops                   ; 250                  ; 250                ;
; Add Pass-Through Logic to Inferred RAMs                          ; On                   ; On                 ;
; Infer RAMs from Raw Logic                                        ; On                   ; On                 ;
; Parallel Synthesis                                               ; On                   ; On                 ;
; DSP Block Balancing                                              ; Auto                 ; Auto               ;
; NOT Gate Push-Back                                               ; On                   ; On                 ;
; Power-Up Don't Care                                              ; On                   ; On                 ;
; Remove Redundant Logic Cells                                     ; Off                  ; Off                ;
; Remove Duplicate Registers                                       ; On                   ; On                 ;
; Ignore CARRY Buffers                                             ; Off                  ; Off                ;
; Ignore CASCADE Buffers                                           ; Off                  ; Off                ;
; Ignore GLOBAL Buffers                                            ; Off                  ; Off                ;
; Ignore ROW GLOBAL Buffers                                        ; Off                  ; Off                ;
; Ignore LCELL Buffers                                             ; Off                  ; Off                ;
; Ignore SOFT Buffers                                              ; On                   ; On                 ;
; Limit AHDL Integers to 32 Bits                                   ; Off                  ; Off                ;
; Optimization Technique                                           ; Balanced             ; Balanced           ;
; Carry Chain Length                                               ; 70                   ; 70                 ;
; Auto Carry Chains                                                ; On                   ; On                 ;
; Auto Open-Drain Pins                                             ; On                   ; On                 ;
; Perform WYSIWYG Primitive Resynthesis                            ; Off                  ; Off                ;
; Auto ROM Replacement                                             ; On                   ; On                 ;
; Auto RAM Replacement                                             ; On                   ; On                 ;
; Auto DSP Block Replacement                                       ; On                   ; On                 ;
; Auto Shift Register Replacement                                  ; Auto                 ; Auto               ;
; Allow Shift Register Merging across Hierarchies                  ; Auto                 ; Auto               ;
; Auto Clock Enable Replacement                                    ; On                   ; On                 ;
; Strict RAM Replacement                                           ; Off                  ; Off                ;
; Allow Synchronous Control Signals                                ; On                   ; On                 ;
; Force Use of Synchronous Clear Signals                           ; Off                  ; Off                ;
; Auto RAM Block Balancing                                         ; On                   ; On                 ;
; Auto RAM to Logic Cell Conversion                                ; Off                  ; Off                ;
; Auto Resource Sharing                                            ; Off                  ; Off                ;
; Allow Any RAM Size For Recognition                               ; Off                  ; Off                ;
; Allow Any ROM Size For Recognition                               ; Off                  ; Off                ;
; Allow Any Shift Register Size For Recognition                    ; Off                  ; Off                ;
; Use LogicLock Constraints during Resource Balancing              ; On                   ; On                 ;
; Ignore translate_off and synthesis_off directives                ; Off                  ; Off                ;
; Timing-Driven Synthesis                                          ; On                   ; On                 ;
; Report Parameter Settings                                        ; On                   ; On                 ;
; Report Source Assignments                                        ; On                   ; On                 ;
; Report Connectivity Checks                                       ; On                   ; On                 ;
; Ignore Maximum Fan-Out Assignments                               ; Off                  ; Off                ;
; Synchronization Register Chain Length                            ; 2                    ; 2                  ;
; Power Optimization During Synthesis                              ; Normal compilation   ; Normal compilation ;
; HDL message level                                                ; Level2               ; Level2             ;
; Suppress Register Optimization Related Messages                  ; Off                  ; Off                ;
; Number of Removed Registers Reported in Synthesis Report         ; 5000                 ; 5000               ;
; Number of Swept Nodes Reported in Synthesis Report               ; 5000                 ; 5000               ;
; Number of Inverted Registers Reported in Synthesis Report        ; 100                  ; 100                ;
; Clock MUX Protection                                             ; On                   ; On                 ;
; Auto Gated Clock Conversion                                      ; Off                  ; Off                ;
; Block Design Naming                                              ; Auto                 ; Auto               ;
; SDC constraint protection                                        ; Off                  ; Off                ;
; Synthesis Effort                                                 ; Auto                 ; Auto               ;
; Shift Register Replacement - Allow Asynchronous Clear Signal     ; On                   ; On                 ;
; Pre-Mapping Resynthesis Optimization                             ; Off                  ; Off                ;
; Analysis & Synthesis Message Level                               ; Medium               ; Medium             ;
; Disable Register Merging Across Hierarchies                      ; Auto                 ; Auto               ;
; Resource Aware Inference For Block RAM                           ; On                   ; On                 ;
+------------------------------------------------------------------+----------------------+--------------------+


+------------------------------------------+
; Parallel Compilation                     ;
+----------------------------+-------------+
; Processors                 ; Number      ;
+----------------------------+-------------+
; Number detected on machine ; 24          ;
; Maximum allowed            ; 16          ;
;                            ;             ;
; Average used               ; 1.00        ;
; Maximum used               ; 1           ;
;                            ;             ;
; Usage by Processor         ; % Time Used ;
;     Processor 1            ; 100.0%      ;
+----------------------------+-------------+


+------------------------------------------------------------------------------------------------------------------------------------------------------------+
; Analysis & Synthesis Source Files Read                                                                                                                     ;
+----------------------------------+-----------------+-----------------+---------------------------------------------------------------------------+---------+
; File Name with User-Entered Path ; Used in Netlist ; File Type       ; File Name with Absolute Path                                              ; Library ;
+----------------------------------+-----------------+-----------------+---------------------------------------------------------------------------+---------+
; SDRAM_Controller_TOP.vhd         ; yes             ; User VHDL File  ; C:/Users/mikaj/Documents/GitHub/SDRAM_Controller/SDRAM_Controller_TOP.vhd ;         ;
+----------------------------------+-----------------+-----------------+---------------------------------------------------------------------------+---------+


+------------------------------------------------------------------+
; Analysis & Synthesis Resource Usage Summary                      ;
+---------------------------------------------+--------------------+
; Resource                                    ; Usage              ;
+---------------------------------------------+--------------------+
;                                             ;                    ;
; Total combinational functions               ; 0                  ;
; Logic element usage by number of LUT inputs ;                    ;
;     -- 4 input functions                    ; 0                  ;
;     -- 3 input functions                    ; 0                  ;
;     -- <=2 input functions                  ; 0                  ;
;                                             ;                    ;
; Logic elements by mode                      ;                    ;
;     -- normal mode                          ; 0                  ;
;     -- arithmetic mode                      ; 0                  ;
;                                             ;                    ;
; Total registers                             ; 0                  ;
;     -- Dedicated logic registers            ; 0                  ;
;     -- I/O registers                        ; 0                  ;
;                                             ;                    ;
; I/O pins                                    ; 73                 ;
;                                             ;                    ;
; Embedded Multiplier 9-bit elements          ; 0                  ;
;                                             ;                    ;
; Maximum fan-out node                        ; sdram_dq[0]~output ;
; Maximum fan-out                             ; 1                  ;
; Total fan-out                               ; 83                 ;
; Average fan-out                             ; 0.53               ;
+---------------------------------------------+--------------------+


+-----------------------------------------------------------------------------------------------------------------------------------------------------------------------------------------------------------------------------------------------+
; Analysis & Synthesis Resource Utilization by Entity                                                                                                                                                                                           ;
+----------------------------+---------------------+---------------------------+-------------+------------+--------------+---------+-----------+------+--------------+------------+-----------------------+----------------------+--------------+
; Compilation Hierarchy Node ; Combinational ALUTs ; Dedicated Logic Registers ; Memory Bits ; UFM Blocks ; DSP Elements ; DSP 9x9 ; DSP 18x18 ; Pins ; Virtual Pins ; ADC blocks ; Full Hierarchy Name   ; Entity Name          ; Library Name ;
+----------------------------+---------------------+---------------------------+-------------+------------+--------------+---------+-----------+------+--------------+------------+-----------------------+----------------------+--------------+
; |SDRAM_Controller_TOP      ; 0 (0)               ; 0 (0)                     ; 0           ; 0          ; 0            ; 0       ; 0         ; 73   ; 0            ; 0          ; |SDRAM_Controller_TOP ; SDRAM_Controller_TOP ; work         ;
+----------------------------+---------------------+---------------------------+-------------+------------+--------------+---------+-----------+------+--------------+------------+-----------------------+----------------------+--------------+
Note: For table entries with two numbers listed, the numbers in parentheses indicate the number of resources of the given type used by the specific entity alone. The numbers listed outside of parentheses indicate the total resources of the given type used by the specific entity and all of its sub-entities in the hierarchy.


+------------------------------------------------------+
; General Register Statistics                          ;
+----------------------------------------------+-------+
; Statistic                                    ; Value ;
+----------------------------------------------+-------+
; Total registers                              ; 0     ;
; Number of registers using Synchronous Clear  ; 0     ;
; Number of registers using Synchronous Load   ; 0     ;
; Number of registers using Asynchronous Clear ; 0     ;
; Number of registers using Asynchronous Load  ; 0     ;
; Number of registers using Clock Enable       ; 0     ;
; Number of registers using Preset             ; 0     ;
+----------------------------------------------+-------+


+--------------------------------------------------------------------------------------+
; Parameter Settings for User Entity Instance: Top-level Entity: |SDRAM_Controller_TOP ;
+------------------+-------+-----------------------------------------------------------+
; Parameter Name   ; Value ; Type                                                      ;
+------------------+-------+-----------------------------------------------------------+
; DATA_WIDTH       ; 10    ; Signed Integer                                            ;
; ADDR_WIDTH       ; 10    ; Signed Integer                                            ;
; SDRAM_ADDR_WIDTH ; 10    ; Signed Integer                                            ;
; SDRAM_DATA_WIDTH ; 10    ; Signed Integer                                            ;
; SDRAM_BANK_WIDTH ; 10    ; Signed Integer                                            ;
+------------------+-------+-----------------------------------------------------------+
Note: In order to hide this table in the UI and the text report file, please set the "Show Parameter Settings in Synthesis Report" option in "Analysis and Synthesis Settings -> More Settings" to "Off".


+-----------------------------------------------------+
; Post-Synthesis Netlist Statistics for Top Partition ;
+-----------------------+-----------------------------+
; Type                  ; Count                       ;
+-----------------------+-----------------------------+
; boundary_port         ; 73                          ;
; cycloneiii_io_obuf    ; 10                          ;
; cycloneiii_lcell_comb ; 1                           ;
;     normal            ; 1                           ;
;         0 data inputs ; 1                           ;
;                       ;                             ;
; Max LUT depth         ; 0.00                        ;
; Average LUT depth     ; 0.00                        ;
+-----------------------+-----------------------------+


+-------------------------------+
; Elapsed Time Per Partition    ;
+----------------+--------------+
; Partition Name ; Elapsed Time ;
+----------------+--------------+
; Top            ; 00:00:00     ;
+----------------+--------------+


+-------------------------------+
; Analysis & Synthesis Messages ;
+-------------------------------+
Info: *******************************************************************
Info: Running Quartus Prime Analysis & Synthesis
    Info: Version 25.1std.0 Build 1129 10/21/2025 SC Lite Edition
    Info: Processing started: Fri Jan 23 09:25:23 2026
Info: Command: quartus_map --read_settings_files=on --write_settings_files=off SDRAM_Controller -c SDRAM_Controller
Warning (18236): Number of processors has not been specified which may cause overloading on shared machines.  Set the global assignment NUM_PARALLEL_PROCESSORS in your QSF to an appropriate value for best performance.
Info (20030): Parallel compilation is enabled and will use 16 of the 24 processors detected
Info (12021): Found 2 design units, including 1 entities, in source file sdram_controller_top.vhd
    Info (12022): Found design unit 1: SDRAM_Controller_TOP-BEH_SDRAM_Controller_TOP File: C:/Users/mikaj/Documents/GitHub/SDRAM_Controller/SDRAM_Controller_TOP.vhd Line: 75
    Info (12023): Found entity 1: SDRAM_Controller_TOP File: C:/Users/mikaj/Documents/GitHub/SDRAM_Controller/SDRAM_Controller_TOP.vhd Line: 8
Info (12127): Elaborating entity "SDRAM_Controller_TOP" for the top level hierarchy
Warning (10541): VHDL Signal Declaration warning at SDRAM_Controller_TOP.vhd(49): used implicit default value for signal "ack" because signal was never assigned a value or an explicit default value. Use of implicit default value may introduce unintended design optimizations. File: C:/Users/mikaj/Documents/GitHub/SDRAM_Controller/SDRAM_Controller_TOP.vhd Line: 49
Warning (10541): VHDL Signal Declaration warning at SDRAM_Controller_TOP.vhd(53): used implicit default value for signal "valid" because signal was never assigned a value or an explicit default value. Use of implicit default value may introduce unintended design optimizations. File: C:/Users/mikaj/Documents/GitHub/SDRAM_Controller/SDRAM_Controller_TOP.vhd Line: 53
Warning (10541): VHDL Signal Declaration warning at SDRAM_Controller_TOP.vhd(56): used implicit default value for signal "q" because signal was never assigned a value or an explicit default value. Use of implicit default value may introduce unintended design optimizations. File: C:/Users/mikaj/Documents/GitHub/SDRAM_Controller/SDRAM_Controller_TOP.vhd Line: 56
Warning (10541): VHDL Signal Declaration warning at SDRAM_Controller_TOP.vhd(63): used implicit default value for signal "sdram_a" because signal was never assigned a value or an explicit default value. Use of implicit default value may introduce unintended design optimizations. File: C:/Users/mikaj/Documents/GitHub/SDRAM_Controller/SDRAM_Controller_TOP.vhd Line: 63
Warning (10541): VHDL Signal Declaration warning at SDRAM_Controller_TOP.vhd(64): used implicit default value for signal "sdram_ba" because signal was never assigned a value or an explicit default value. Use of implicit default value may introduce unintended design optimizations. File: C:/Users/mikaj/Documents/GitHub/SDRAM_Controller/SDRAM_Controller_TOP.vhd Line: 64
Warning (10541): VHDL Signal Declaration warning at SDRAM_Controller_TOP.vhd(65): used implicit default value for signal "sdram_cke" because signal was never assigned a value or an explicit default value. Use of implicit default value may introduce unintended design optimizations. File: C:/Users/mikaj/Documents/GitHub/SDRAM_Controller/SDRAM_Controller_TOP.vhd Line: 65
Warning (10541): VHDL Signal Declaration warning at SDRAM_Controller_TOP.vhd(66): used implicit default value for signal "sdram_cs_n" because signal was never assigned a value or an explicit default value. Use of implicit default value may introduce unintended design optimizations. File: C:/Users/mikaj/Documents/GitHub/SDRAM_Controller/SDRAM_Controller_TOP.vhd Line: 66
Warning (10541): VHDL Signal Declaration warning at SDRAM_Controller_TOP.vhd(67): used implicit default value for signal "sdram_ras_n" because signal was never assigned a value or an explicit default value. Use of implicit default value may introduce unintended design optimizations. File: C:/Users/mikaj/Documents/GitHub/SDRAM_Controller/SDRAM_Controller_TOP.vhd Line: 67
Warning (10541): VHDL Signal Declaration warning at SDRAM_Controller_TOP.vhd(68): used implicit default value for signal "sdram_cas_n" because signal was never assigned a value or an explicit default value. Use of implicit default value may introduce unintended design optimizations. File: C:/Users/mikaj/Documents/GitHub/SDRAM_Controller/SDRAM_Controller_TOP.vhd Line: 68
Warning (10541): VHDL Signal Declaration warning at SDRAM_Controller_TOP.vhd(69): used implicit default value for signal "sdram_we_n" because signal was never assigned a value or an explicit default value. Use of implicit default value may introduce unintended design optimizations. File: C:/Users/mikaj/Documents/GitHub/SDRAM_Controller/SDRAM_Controller_TOP.vhd Line: 69
Warning (10541): VHDL Signal Declaration warning at SDRAM_Controller_TOP.vhd(70): used implicit default value for signal "sdram_dqml" because signal was never assigned a value or an explicit default value. Use of implicit default value may introduce unintended design optimizations. File: C:/Users/mikaj/Documents/GitHub/SDRAM_Controller/SDRAM_Controller_TOP.vhd Line: 70
Warning (10541): VHDL Signal Declaration warning at SDRAM_Controller_TOP.vhd(71): used implicit default value for signal "sdram_dqmh" because signal was never assigned a value or an explicit default value. Use of implicit default value may introduce unintended design optimizations. File: C:/Users/mikaj/Documents/GitHub/SDRAM_Controller/SDRAM_Controller_TOP.vhd Line: 71
Warning (13039): The following bidirectional pins have no drivers
    Warning (13040): bidirectional pin "sdram_dq[0]" has no driver File: C:/Users/mikaj/Documents/GitHub/SDRAM_Controller/SDRAM_Controller_TOP.vhd Line: 61
    Warning (13040): bidirectional pin "sdram_dq[1]" has no driver File: C:/Users/mikaj/Documents/GitHub/SDRAM_Controller/SDRAM_Controller_TOP.vhd Line: 61
    Warning (13040): bidirectional pin "sdram_dq[2]" has no driver File: C:/Users/mikaj/Documents/GitHub/SDRAM_Controller/SDRAM_Controller_TOP.vhd Line: 61
    Warning (13040): bidirectional pin "sdram_dq[3]" has no driver File: C:/Users/mikaj/Documents/GitHub/SDRAM_Controller/SDRAM_Controller_TOP.vhd Line: 61
    Warning (13040): bidirectional pin "sdram_dq[4]" has no driver File: C:/Users/mikaj/Documents/GitHub/SDRAM_Controller/SDRAM_Controller_TOP.vhd Line: 61
    Warning (13040): bidirectional pin "sdram_dq[5]" has no driver File: C:/Users/mikaj/Documents/GitHub/SDRAM_Controller/SDRAM_Controller_TOP.vhd Line: 61
    Warning (13040): bidirectional pin "sdram_dq[6]" has no driver File: C:/Users/mikaj/Documents/GitHub/SDRAM_Controller/SDRAM_Controller_TOP.vhd Line: 61
    Warning (13040): bidirectional pin "sdram_dq[7]" has no driver File: C:/Users/mikaj/Documents/GitHub/SDRAM_Controller/SDRAM_Controller_TOP.vhd Line: 61
    Warning (13040): bidirectional pin "sdram_dq[8]" has no driver File: C:/Users/mikaj/Documents/GitHub/SDRAM_Controller/SDRAM_Controller_TOP.vhd Line: 61
    Warning (13040): bidirectional pin "sdram_dq[9]" has no driver File: C:/Users/mikaj/Documents/GitHub/SDRAM_Controller/SDRAM_Controller_TOP.vhd Line: 61
Warning (13024): Output pins are stuck at VCC or GND
    Warning (13410): Pin "ack" is stuck at GND File: C:/Users/mikaj/Documents/GitHub/SDRAM_Controller/SDRAM_Controller_TOP.vhd Line: 49
    Warning (13410): Pin "valid" is stuck at GND File: C:/Users/mikaj/Documents/GitHub/SDRAM_Controller/SDRAM_Controller_TOP.vhd Line: 53
    Warning (13410): Pin "q[0]" is stuck at GND File: C:/Users/mikaj/Documents/GitHub/SDRAM_Controller/SDRAM_Controller_TOP.vhd Line: 56
    Warning (13410): Pin "q[1]" is stuck at GND File: C:/Users/mikaj/Documents/GitHub/SDRAM_Controller/SDRAM_Controller_TOP.vhd Line: 56
    Warning (13410): Pin "q[2]" is stuck at GND File: C:/Users/mikaj/Documents/GitHub/SDRAM_Controller/SDRAM_Controller_TOP.vhd Line: 56
    Warning (13410): Pin "q[3]" is stuck at GND File: C:/Users/mikaj/Documents/GitHub/SDRAM_Controller/SDRAM_Controller_TOP.vhd Line: 56
    Warning (13410): Pin "q[4]" is stuck at GND File: C:/Users/mikaj/Documents/GitHub/SDRAM_Controller/SDRAM_Controller_TOP.vhd Line: 56
    Warning (13410): Pin "q[5]" is stuck at GND File: C:/Users/mikaj/Documents/GitHub/SDRAM_Controller/SDRAM_Controller_TOP.vhd Line: 56
    Warning (13410): Pin "q[6]" is stuck at GND File: C:/Users/mikaj/Documents/GitHub/SDRAM_Controller/SDRAM_Controller_TOP.vhd Line: 56
    Warning (13410): Pin "q[7]" is stuck at GND File: C:/Users/mikaj/Documents/GitHub/SDRAM_Controller/SDRAM_Controller_TOP.vhd Line: 56
    Warning (13410): Pin "q[8]" is stuck at GND File: C:/Users/mikaj/Documents/GitHub/SDRAM_Controller/SDRAM_Controller_TOP.vhd Line: 56
    Warning (13410): Pin "q[9]" is stuck at GND File: C:/Users/mikaj/Documents/GitHub/SDRAM_Controller/SDRAM_Controller_TOP.vhd Line: 56
    Warning (13410): Pin "sdram_a[0]" is stuck at GND File: C:/Users/mikaj/Documents/GitHub/SDRAM_Controller/SDRAM_Controller_TOP.vhd Line: 63
    Warning (13410): Pin "sdram_a[1]" is stuck at GND File: C:/Users/mikaj/Documents/GitHub/SDRAM_Controller/SDRAM_Controller_TOP.vhd Line: 63
    Warning (13410): Pin "sdram_a[2]" is stuck at GND File: C:/Users/mikaj/Documents/GitHub/SDRAM_Controller/SDRAM_Controller_TOP.vhd Line: 63
    Warning (13410): Pin "sdram_a[3]" is stuck at GND File: C:/Users/mikaj/Documents/GitHub/SDRAM_Controller/SDRAM_Controller_TOP.vhd Line: 63
    Warning (13410): Pin "sdram_a[4]" is stuck at GND File: C:/Users/mikaj/Documents/GitHub/SDRAM_Controller/SDRAM_Controller_TOP.vhd Line: 63
    Warning (13410): Pin "sdram_a[5]" is stuck at GND File: C:/Users/mikaj/Documents/GitHub/SDRAM_Controller/SDRAM_Controller_TOP.vhd Line: 63
    Warning (13410): Pin "sdram_a[6]" is stuck at GND File: C:/Users/mikaj/Documents/GitHub/SDRAM_Controller/SDRAM_Controller_TOP.vhd Line: 63
    Warning (13410): Pin "sdram_a[7]" is stuck at GND File: C:/Users/mikaj/Documents/GitHub/SDRAM_Controller/SDRAM_Controller_TOP.vhd Line: 63
    Warning (13410): Pin "sdram_a[8]" is stuck at GND File: C:/Users/mikaj/Documents/GitHub/SDRAM_Controller/SDRAM_Controller_TOP.vhd Line: 63
    Warning (13410): Pin "sdram_a[9]" is stuck at GND File: C:/Users/mikaj/Documents/GitHub/SDRAM_Controller/SDRAM_Controller_TOP.vhd Line: 63
    Warning (13410): Pin "sdram_ba[0]" is stuck at GND File: C:/Users/mikaj/Documents/GitHub/SDRAM_Controller/SDRAM_Controller_TOP.vhd Line: 64
    Warning (13410): Pin "sdram_ba[1]" is stuck at GND File: C:/Users/mikaj/Documents/GitHub/SDRAM_Controller/SDRAM_Controller_TOP.vhd Line: 64
    Warning (13410): Pin "sdram_ba[2]" is stuck at GND File: C:/Users/mikaj/Documents/GitHub/SDRAM_Controller/SDRAM_Controller_TOP.vhd Line: 64
    Warning (13410): Pin "sdram_ba[3]" is stuck at GND File: C:/Users/mikaj/Documents/GitHub/SDRAM_Controller/SDRAM_Controller_TOP.vhd Line: 64
    Warning (13410): Pin "sdram_ba[4]" is stuck at GND File: C:/Users/mikaj/Documents/GitHub/SDRAM_Controller/SDRAM_Controller_TOP.vhd Line: 64
    Warning (13410): Pin "sdram_ba[5]" is stuck at GND File: C:/Users/mikaj/Documents/GitHub/SDRAM_Controller/SDRAM_Controller_TOP.vhd Line: 64
    Warning (13410): Pin "sdram_ba[6]" is stuck at GND File: C:/Users/mikaj/Documents/GitHub/SDRAM_Controller/SDRAM_Controller_TOP.vhd Line: 64
    Warning (13410): Pin "sdram_ba[7]" is stuck at GND File: C:/Users/mikaj/Documents/GitHub/SDRAM_Controller/SDRAM_Controller_TOP.vhd Line: 64
    Warning (13410): Pin "sdram_ba[8]" is stuck at GND File: C:/Users/mikaj/Documents/GitHub/SDRAM_Controller/SDRAM_Controller_TOP.vhd Line: 64
    Warning (13410): Pin "sdram_ba[9]" is stuck at GND File: C:/Users/mikaj/Documents/GitHub/SDRAM_Controller/SDRAM_Controller_TOP.vhd Line: 64
    Warning (13410): Pin "sdram_cke" is stuck at GND File: C:/Users/mikaj/Documents/GitHub/SDRAM_Controller/SDRAM_Controller_TOP.vhd Line: 65
    Warning (13410): Pin "sdram_cs_n" is stuck at GND File: C:/Users/mikaj/Documents/GitHub/SDRAM_Controller/SDRAM_Controller_TOP.vhd Line: 66
    Warning (13410): Pin "sdram_ras_n" is stuck at GND File: C:/Users/mikaj/Documents/GitHub/SDRAM_Controller/SDRAM_Controller_TOP.vhd Line: 67
    Warning (13410): Pin "sdram_cas_n" is stuck at GND File: C:/Users/mikaj/Documents/GitHub/SDRAM_Controller/SDRAM_Controller_TOP.vhd Line: 68
    Warning (13410): Pin "sdram_we_n" is stuck at GND File: C:/Users/mikaj/Documents/GitHub/SDRAM_Controller/SDRAM_Controller_TOP.vhd Line: 69
    Warning (13410): Pin "sdram_dqml" is stuck at GND File: C:/Users/mikaj/Documents/GitHub/SDRAM_Controller/SDRAM_Controller_TOP.vhd Line: 70
    Warning (13410): Pin "sdram_dqmh" is stuck at GND File: C:/Users/mikaj/Documents/GitHub/SDRAM_Controller/SDRAM_Controller_TOP.vhd Line: 71
Info (16010): Generating hard_block partition "hard_block:auto_generated_inst"
    Info (16011): Adding 0 node(s), including 0 DDIO, 0 PLL, 0 transceiver and 0 LCELL
Warning (21074): Design contains 24 input pin(s) that do not drive logic
    Warning (15610): No output dependent on input pin "reset" File: C:/Users/mikaj/Documents/GitHub/SDRAM_Controller/SDRAM_Controller_TOP.vhd Line: 29
    Warning (15610): No output dependent on input pin "clk" File: C:/Users/mikaj/Documents/GitHub/SDRAM_Controller/SDRAM_Controller_TOP.vhd Line: 32
    Warning (15610): No output dependent on input pin "addr[0]" File: C:/Users/mikaj/Documents/GitHub/SDRAM_Controller/SDRAM_Controller_TOP.vhd Line: 35
    Warning (15610): No output dependent on input pin "addr[1]" File: C:/Users/mikaj/Documents/GitHub/SDRAM_Controller/SDRAM_Controller_TOP.vhd Line: 35
    Warning (15610): No output dependent on input pin "addr[2]" File: C:/Users/mikaj/Documents/GitHub/SDRAM_Controller/SDRAM_Controller_TOP.vhd Line: 35
    Warning (15610): No output dependent on input pin "addr[3]" File: C:/Users/mikaj/Documents/GitHub/SDRAM_Controller/SDRAM_Controller_TOP.vhd Line: 35
    Warning (15610): No output dependent on input pin "addr[4]" File: C:/Users/mikaj/Documents/GitHub/SDRAM_Controller/SDRAM_Controller_TOP.vhd Line: 35
    Warning (15610): No output dependent on input pin "addr[5]" File: C:/Users/mikaj/Documents/GitHub/SDRAM_Controller/SDRAM_Controller_TOP.vhd Line: 35
    Warning (15610): No output dependent on input pin "addr[6]" File: C:/Users/mikaj/Documents/GitHub/SDRAM_Controller/SDRAM_Controller_TOP.vhd Line: 35
    Warning (15610): No output dependent on input pin "addr[7]" File: C:/Users/mikaj/Documents/GitHub/SDRAM_Controller/SDRAM_Controller_TOP.vhd Line: 35
    Warning (15610): No output dependent on input pin "addr[8]" File: C:/Users/mikaj/Documents/GitHub/SDRAM_Controller/SDRAM_Controller_TOP.vhd Line: 35
    Warning (15610): No output dependent on input pin "addr[9]" File: C:/Users/mikaj/Documents/GitHub/SDRAM_Controller/SDRAM_Controller_TOP.vhd Line: 35
    Warning (15610): No output dependent on input pin "data[0]" File: C:/Users/mikaj/Documents/GitHub/SDRAM_Controller/SDRAM_Controller_TOP.vhd Line: 38
    Warning (15610): No output dependent on input pin "data[1]" File: C:/Users/mikaj/Documents/GitHub/SDRAM_Controller/SDRAM_Controller_TOP.vhd Line: 38
    Warning (15610): No output dependent on input pin "data[2]" File: C:/Users/mikaj/Documents/GitHub/SDRAM_Controller/SDRAM_Controller_TOP.vhd Line: 38
    Warning (15610): No output dependent on input pin "data[3]" File: C:/Users/mikaj/Documents/GitHub/SDRAM_Controller/SDRAM_Controller_TOP.vhd Line: 38
    Warning (15610): No output dependent on input pin "data[4]" File: C:/Users/mikaj/Documents/GitHub/SDRAM_Controller/SDRAM_Controller_TOP.vhd Line: 38
    Warning (15610): No output dependent on input pin "data[5]" File: C:/Users/mikaj/Documents/GitHub/SDRAM_Controller/SDRAM_Controller_TOP.vhd Line: 38
    Warning (15610): No output dependent on input pin "data[6]" File: C:/Users/mikaj/Documents/GitHub/SDRAM_Controller/SDRAM_Controller_TOP.vhd Line: 38
    Warning (15610): No output dependent on input pin "data[7]" File: C:/Users/mikaj/Documents/GitHub/SDRAM_Controller/SDRAM_Controller_TOP.vhd Line: 38
    Warning (15610): No output dependent on input pin "data[8]" File: C:/Users/mikaj/Documents/GitHub/SDRAM_Controller/SDRAM_Controller_TOP.vhd Line: 38
    Warning (15610): No output dependent on input pin "data[9]" File: C:/Users/mikaj/Documents/GitHub/SDRAM_Controller/SDRAM_Controller_TOP.vhd Line: 38
    Warning (15610): No output dependent on input pin "we" File: C:/Users/mikaj/Documents/GitHub/SDRAM_Controller/SDRAM_Controller_TOP.vhd Line: 41
    Warning (15610): No output dependent on input pin "req" File: C:/Users/mikaj/Documents/GitHub/SDRAM_Controller/SDRAM_Controller_TOP.vhd Line: 44
Info (21057): Implemented 73 device resources after synthesis - the final resource count might be different
    Info (21058): Implemented 24 input pins
    Info (21059): Implemented 39 output pins
    Info (21060): Implemented 10 bidirectional pins
Info: Quartus Prime Analysis & Synthesis was successful. 0 errors, 89 warnings
    Info: Peak virtual memory: 4812 megabytes
    Info: Processing ended: Fri Jan 23 09:25:28 2026
    Info: Elapsed time: 00:00:05
    Info: Total CPU time (on all processors): 00:00:07


